// Jest Snapshot v1, https://goo.gl/fbAQLP

exports[`auth/adm render page unchanged 1`] = `<div />`;
